# Welcomes

Bound_And_Consecrate
DC_Solstice_in_2022
Opening_Speech_Boston2016
Frankfurt_2018_Introduction_Speech
Frankfurt_2019_Introduction_Speech
Introduction_Bay_2022
Introduction_Bay_2023
Intro_DC_2020
Technical_Note
We_Are_Gathered
We_Are_Gathered_2019
We_Are_Gathered_2022
Welcome_Are_We_All_Here
Welcome_To_New_Years
Welcome_to_Solstice_2020
What_Exactly_Are_We_Doing_Here
Why_Solstice_Why_Lovecraft

# To Bring on the Night

Attempts_Were_Made
Beyond_the_Reach
A_Bottomless_Pit
A_Bottomless_Pit_Bay_Edition
d6_activity
Dying_Outside_Part_1
Dying_Outside_Part_2
Grief_Comes_In_Many_Forms
High_Stakes
No_Royal_Road
Orders_of_Magnitude
You_Cant_Save_Them_All

# With a Single Candle

Enabling_Potential
Eternal_Winter
Fire_Has_No_Voice 
500_Million_But_Not_A_Single_One_More
500_Million_2020_Addendum
Gift_We_Give_Tommorow
I_Dont_Know
Invincible_Winter
Last_Victim
Life_Death_and_Love
The_Man_Who_Lived
Moment_of_Resolution
Pale_Blue_Dot
Probability
Radical_Acceptance_Practice
Something_Possible
Story_from_Bergamo
This_Is_a_Dawn
We_Are_Here
World_On_The_Brink

# Grand Narratives

An_Alien_God
The_Goddess_of_Everything_Else
The_Goddess_of_Everything_Else_Abridged
The_Goddess_of_Everything_Else_First_Person
Meditations_on_Moloch
Monastery_and_Throne
Origin_of_Stories_Morning_Edition
Origin_of_Stories_Twilight_Edition
The_Scientific_Frontier
The_Virtues_of_Solstice

# Speeches Across Time

Brighter_Futures
The_Children_of_4_3_Billion_Years_of_Evolution
The_First_Victims
Dont_Shoot_The_Messenger
Future_Worth_It
Half_Monkey_Half_God
How_We_Remember_and_What
Lost_Knowledge
Meditation_on_the_future
Meditation_on_the_past
Meditation_on_the_present
Only_Human
Stories_Untold
Story_of_Winter
Stonehenge_Story
We_will_not_die_of_this

# Specific Events

As_Slow_As_Possible
Breaking_Your_Hand_Punching_Moloch
COVID_We_Lost
Fritz_Haber
Henry_Williamson_on_Christmas_Aftermath
Henry_Williamsons_Letter_Home
Intelligent_Machinery_A_Heretical_Theory
Cycles_Of_Scurvy
I_Pencil
John_Snow_and_the_Broad_St_Pump
Joseph_Rotblat_on_the_Development_of_Nuclear_Weapons
Keeping_your_eyes_open
Letting_Go_Without_Giving_Up
Literally_Moving_the_World
Meselson_and_Bioweapons
One_Song_Many_Tyrants
Prediction_Artificial_Intelligence
Prediction_Invent_It
Prediction_Ozone
Prediction_Phenotypes
Prediction_WWII
Space_Fails
The_Fragility_of_Progress
The_Inevitable_Speech_About_Crypto
Unexpected_Victory
Whats_Left_To_Save
Vadim_Orlov_on_How_Close_We_Came_to_Nuclear_War
The_Virtue_of_Ash

# Specific Fiction
Das_Photonenraumschiff
Demiurges_Older_Brother
Epsilon_Eridani
Runaway_Nebulae
Seventh_Sally
The_Fable_of_the_Dragon-Tyrant
The_Martian
Unsong_Prologue_German

# Visions

A_Day_in_My_Utopia
Disneyland_with_No_Children
500_Years_From_Today
Saving_The_Spark
Worlds_That_Never_Were
Letter_From_Utopia

# Explanations

A_Changing_Mythology
Interlude_Building_The_Future
Interlude_Night
Interlude_No_One_Survives
Interlude_We_Have_Already_Won
Interlude_What_Future_Do_You_Want
Intro_to_Demon_Sultan_Azathoth
Intro_To_Night_Section
The_Fae
Mistakes_were_Made
Song_Nitpicking
What_Does_It_Mean_To_Be_Forever_Young
Will_Someone
X_Days_of_X_Risk_Intro

# Snippets

Litany_of_Gendlin
Litany_of_Tarski
Nihil_Supernum
Nothing_Is_Mere
Not_Today
Road_to_Wisdom
Serenity
Underrated_Reasons_To_Be_Thankful_1
Underrated_Reasons_To_Be_Thankful_2
Underrated_Reasons_To_Be_Thankful_3
Underrated_Reasons_To_Be_Thankful_4
What_Resembles_The_Grave_But_Isnt

# Other

Beauty_After_Trauma
Call_and_Response_Defiance
Call_and_Response_Defiance_Abridged
Have_a_Plan_Write_it_Down
Holding_On_And_Letting_Go_2
Holding_On_And_Letting_Go
How_to_Be_Happy
How_We_Will_Be_Measured
How_We_Will_Be_Measured_Abridged
How_Will_The_Bomb_Find_You
First_Step
The_Starfish_and_the_Net
Ten_Offers
Tortoise_Skills
Tsuyoku_Naritai
Metta_Meditation
What_I_Learned_About_Risk_from_Parenting
Zettai_Tsuyoku_Narimasu

# Poetry

Atoms_With_Consciousness
Autumn
Dim_Lake
Do_Not_Go_Gentle
First_Winter
Gewitterabend
High_Flight
Hope_Is_The_Thing_With_Feathers
Howl
I_Hear_America_Singing
Loss_and_Gain
Matches
Ms_Poppins
Shield_of_Achilles
The_Aim_Was_Song
The_End_And_The_Beginning
The_Next_War
The_Orange
Travelers
Villanelle
Watched_Over_by_Machines_of_Loving_Grace

