# Welcomes

Bound_And_Consecrate
Opening_Speech_Boston2016
Frankfurt_2018_Introduction_Speech
Frankfurt_2019_Introduction_Speech
Technical_Note
We_Are_Gathered
Welcome_Are_We_All_Here
Welcome_to_Solstice_2020
What_Exactly_Are_We_Doing_Here
Why_Solstice_Why_Lovecraft

# To Bring on the Night

Beyond_the_Reach
A_Bottomless_Pit
d6_activity
Grief_Comes_In_Many_Forms
No_Royal_Road
Orders_of_Magnitude
You_Cant_Save_Them_All

# With a Single Candle

Enabling_Potential
Eternal_Winter
500_Million_But_Not_A_Single_One_More
Gift_We_Give_Tommorow
I_Dont_Know
Invincible_Winter
Last_Victim
Life_Death_and_Love
The_Man_Who_Lived
Pale_Blue_Dot
Probability
Radical_Acceptance_Practice
Something_Possible
Story_from_Bergamo
This_Is_a_Dawn
We_Are_Here
World_On_The_Brink

# Grand Narratives

An_Alien_God
The_Goddess_of_Everything_Else
The_Goddess_of_Everything_Else_Abridged
The_Goddess_of_Everything_Else_First_Person
Meditations_on_Moloch
Monastery_and_Throne
Origin_of_Stories_Morning_Edition
Origin_of_Stories_Twilight_Edition
The_Scientific_Frontier
The_Virtues_of_Solstice

# Speeches Across Time

Brighter_Futures
The_Children_of_4_3_Billion_Years_of_Evolution
The_First_Victims
Dont_Shoot_The_Messenger
Future_Worth_It
How_We_Remember_and_What
Lost_Knowledge
Meditation_on_the_future
Meditation_on_the_past
Meditation_on_the_present
Only_Human
Stories_Untold
Story_of_Winter

# Specific Events

Breaking_Your_Hand_Punching_Moloch
Henry_Williamson_on_Christmas_Aftermath
Henry_Williamsons_Letter_Home
Joseph_Rotblat_on_the_Development_of_Nuclear_Weapons
Keeping_your_eyes_open
Letting_Go_Without_Giving_Up
Prediction_Artificial_Intelligence
Prediction_Invent_It
Prediction_Ozone
Prediction_Phenotypes
Prediction_WWII
Space_Fails
The_Fragility_of_Progress
Vadim_Orlov_on_How_Close_We_Came_to_Nuclear_War
The_Virtue_of_Ash

# Specific Fiction
Das_Photonenraumschiff
Demiurges_Older_Brother
Epsilon_Eridani
Runaway_Nebulae
Seventh_Sally
The_Fable_of_the_Dragon-Tyrant
The_Martian
Unsong_Prologue_German

# Visions

A_Day_in_My_Utopia
Disneyland_with_No_Children
500_Years_From_Today
Saving_The_Spark
Worlds_That_Never_Were
Letter_From_Utopia

# Explanations

A_Changing_Mythology
Intro_to_Demon_Sultan_Azathoth
The_Fae
Mistakes_were_Made
What_Does_It_Mean_To_Be_Forever_Young
Will_Someone

# Snippets

Litany_of_Tarski
Nihil_Supernum
Nothing_Is_Mere
Not_Today
Road_to_Wisdom
Serenity

# Other

Call_and_Response_Defiance
Call_and_Response_Defiance_Abridged
How_to_Be_Happy
How_We_Will_Be_Measured
How_We_Will_Be_Measured_Abridged
Ten_Offers
Metta_Meditation
Zettai_Tsuyoku_Narimasu

# Poetry

Atoms_With_Consciousness
Do_Not_Go_Gentle
First_Winter
Gewitterabend
High_Flight
Howl
Matches
Ms_Poppins
Shield_of_Achilles
The_End_And_The_Beginning
Travelers
Villanelle
Watched_Over_by_Machines_of_Loving_Grace

