# Evening

Always_Look_on_the_Bright_Side
Bring_the_Light
Demon_Sultan_Azathoth
Drive_The_Cold_Winter_Away
Find_My_Tribe
Galaxy_Song
Galaxy_Song_2014
Gather_Round
Gonna_Be_A_Cyborg
Her_Mysteries
Heros_Song
Let_It_Snow
Life_Is_Too_Short_To_Fold_Underwear
Mad_World
Mindspace_Is_Deep_And_Wide
Moon_Song
Move_the_World
Necronomicon
Simulacrum
Singing_Up_The_Sun
Stars
Still_Alive
The_Circle
The_Sun_Is_A_Guy_Who_Travels_Through_The_Sky
The_Sun_Is_A_Mass_Of_Incandescent_Gas
The_Sun_Is_A_Miasma
The_Sun_Is_A_Miasma_Shortened
The_Sun_Is_An_Ember
The_Sun_Is_Medley
The_Sun_Will_Come_Up_Tomorrow
Walk_With_Me
We_Know_The_Way
When_I_Die
Winter_Is_Icumen_In
We_Seek_We_Strive_We_Yearn
We_Wish_You_A_Scary_Solstice
X_Days_of_X_Risk

#Dusk

Baby_Genie
Contract_Drafting_Em
Somewhere_to_Begin
Sons_of_Martha
That_Problem_Solved

# Twilight

A_Thousand_Stars
Bitter_Wind_Blown
Bold_Orion
Bring_the_Light_Reprise
Chasing_Patterns
Cosmos
Endless_Light_Above
Fix_You
Give_My_Your_Tired
Hard_Times_Come_Again_No_More
Jewel_In_The_Night
Legends
Lucifer
Mals_Song
O_Tannenbaum
Scarborough_Fair
Scarborough_Fair_Dark_Reprise
Scarborough_Fair_Triumphant_Reprise
Spring_Mourning 
Something_Impossible
Stardust
The_Drummers_Little_Boy
The_Fallen_Star
The_Mary_Ellen_Carter
Time_Wrote_the_Rocks
We_Will_All_Go_Together_When_We_Go

# Night

Beneath_Midwinter_Midnight
Bitter_Wind_March
Blowin_in_the_Wind
Do_You_Hear_What_I_Hear
Do_You_Realize
Empty_Chairs_At_Empty_Tables
Hymn_to_the_Breaking_Strain
Little_Echo
Malthusian_Trap_Song
Momma_Look_Sharp
Next_Right_Thing
No_One_Survives
Songs_Stay_Sung
The_Pantheon
There_Will_Come_Soft_Rain
Sinner_Man_Pandemic
Song_of_the_Artesian_Water
Sound_of_Silence
Stopping_in_the_Woods
Time_is_Up
We_Will_Become_Silhouettes
Who_By_Fire
Voicing_of_Fear


# Dawn

Brighter_Than_Today
Endless_Light

# Morning

Ballad_of_Smallpox_Gone
Battle_Hymn_Of_The_Rationalist_Community
Die_Gedanken_sind_frei
Landsailor
Level_Up
Endless_Light_Around
Fire_in_the_Sky
Forever_Young
Here_and_Now
Here_Comes_the_Sun
Holding_Up_The_Sky
Hope_Eyrie
I_Have_Seen
I_Love_the_World
Seasons_of_Love
Somebody_Will
Son_of_Man
We_Are_The_Light
Write_This_Number_Down

# Days to Come

Beautiful_Tomorrow
Five_Thousand_Years
Here_Lies_The_Dragon
Let_There_Be_Love
Singularity
Sogno_di_Volare
Starwind_Rising
The_GTF
Uplift
